[    0.000000] Initializing cgroup subsys cpuset
[    0.000000] Initializing cgroup subsys cpu
[    0.000000] Initializing cgroup subsys cpuacct
[    0.000000] Linux version 4.4.0-47-generic (buildd@lcy01-03) (gcc version 5.4.0 20160609 (Ubuntu 5.4.0-6ubuntu1~16.04.2) ) #68-Ubuntu SMP Wed Oct 26 19:39:52 UTC 2016 (Ubuntu 4.4.0-47.68-generic 4.4.24)
[    0.000000] Command line: BOOT_IMAGE=/boot/vmlinuz-4.4.0-47-generic root=LABEL=cloudimg-rootfs ro console=tty1 console=ttyS0
[    0.000000] KERNEL supported cpus:
[    0.000000]   Intel GenuineIntel
[    0.000000]   AMD AuthenticAMD
[    0.000000]   Centaur CentaurHauls
[    0.000000] x86/fpu: xstate_offset[2]:  576, xstate_sizes[2]:  256
[    0.000000] x86/fpu: Supporting XSAVE feature 0x01: 'x87 floating point registers'
[    0.000000] x86/fpu: Supporting XSAVE feature 0x02: 'SSE registers'
[    0.000000] x86/fpu: Supporting XSAVE feature 0x04: 'AVX registers'
[    0.000000] x86/fpu: Enabled xstate features 0x7, context size is 832 bytes, using 'standard' format.
[    0.000000] x86/fpu: Using 'lazy' FPU context switches.
[    0.000000] e820: BIOS-provided physical RAM map:
[    0.000000] BIOS-e820: [mem 0x0000000000000000-0x000000000009fbff] usable
[    0.000000] BIOS-e820: [mem 0x000000000009fc00-0x000000000009ffff] reserved
[    0.000000] BIOS-e820: [mem 0x00000000000f0000-0x00000000000fffff] reserved
[    0.000000] BIOS-e820: [mem 0x0000000000100000-0x000000007ffeffff] usable
[    0.000000] BIOS-e820: [mem 0x000000007fff0000-0x000000007fffffff] ACPI data
[    0.000000] BIOS-e820: [mem 0x00000000fffc0000-0x00000000ffffffff] reserved
[    0.000000] NX (Execute Disable) protection: active
[    0.000000] SMBIOS 2.5 present.
[    0.000000] Hypervisor detected: KVM
[    0.000000] e820: last_pfn = 0x7fff0 max_arch_pfn = 0x400000000
[    0.000000] MTRR: Disabled
[    0.000000] x86/PAT: MTRRs disabled, skipping PAT initialization too.
[    0.000000] x86/PAT: Configuration [0-7]: WB  WT  UC- UC  WB  WT  UC- UC  
[    0.000000] CPU MTRRs all blank - virtualized system.
[    0.000000] found SMP MP-table at [mem 0x0009fff0-0x0009ffff] mapped at [ffff88000009fff0]
[    0.000000] Scanning 1 areas for low memory corruption
[    0.000000] RAMDISK: [mem 0x36fcc000-0x377ddfff]
[    0.000000] ACPI: Early table checksum verification disabled
[    0.000000] ACPI: RSDP 0x00000000000E0000 000024 (v02 VBOX  )
[    0.000000] ACPI: XSDT 0x000000007FFF0030 00003C (v01 VBOX   VBOXXSDT 00000001 ASL  00000061)
[    0.000000] ACPI: FACP 0x000000007FFF00F0 0000F4 (v04 VBOX   VBOXFACP 00000001 ASL  00000061)
[    0.000000] ACPI: DSDT 0x000000007FFF0470 001BF1 (v01 VBOX   VBOXBIOS 00000002 INTL 20100528)
[    0.000000] ACPI: FACS 0x000000007FFF0200 000040
[    0.000000] ACPI: FACS 0x000000007FFF0200 000040
[    0.000000] ACPI: APIC 0x000000007FFF0240 000054 (v02 VBOX   VBOXAPIC 00000001 ASL  00000061)
[    0.000000] ACPI: SSDT 0x000000007FFF02A0 0001CC (v01 VBOX   VBOXCPUT 00000002 INTL 20100528)
[    0.000000] No NUMA configuration found
[    0.000000] Faking a node at [mem 0x0000000000000000-0x000000007ffeffff]
[    0.000000] NODE_DATA(0) allocated [mem 0x7ffeb000-0x7ffeffff]
[    0.000000] kvm-clock: Using msrs 4b564d01 and 4b564d00
[    0.000000] kvm-clock: cpu 0, msr 0:7ffe7001, primary cpu clock
[    0.000000] kvm-clock: using sched offset of 3014793955 cycles
[    0.000000] clocksource: kvm-clock: mask: 0xffffffffffffffff max_cycles: 0x1cd42e4dffb, max_idle_ns: 881590591483 ns
[    0.000000] Zone ranges:
[    0.000000]   DMA      [mem 0x0000000000001000-0x0000000000ffffff]
[    0.000000]   DMA32    [mem 0x0000000001000000-0x000000007ffeffff]
[    0.000000]   Normal   empty
[    0.000000]   Device   empty
[    0.000000] Movable zone start for each node
[    0.000000] Early memory node ranges
[    0.000000]   node   0: [mem 0x0000000000001000-0x000000000009efff]
[    0.000000]   node   0: [mem 0x0000000000100000-0x000000007ffeffff]
[    0.000000] Initmem setup node 0 [mem 0x0000000000001000-0x000000007ffeffff]
[    0.000000] ACPI: PM-Timer IO Port: 0x4008
[    0.000000] IOAPIC[0]: apic_id 1, version 17, address 0xfec00000, GSI 0-23
[    0.000000] ACPI: INT_SRC_OVR (bus 0 bus_irq 0 global_irq 2 dfl dfl)
[    0.000000] ACPI: INT_SRC_OVR (bus 0 bus_irq 9 global_irq 9 high level)
[    0.000000] Using ACPI (MADT) for SMP configuration information
[    0.000000] smpboot: Allowing 1 CPUs, 0 hotplug CPUs
[    0.000000] PM: Registered nosave memory: [mem 0x00000000-0x00000fff]
[    0.000000] PM: Registered nosave memory: [mem 0x0009f000-0x0009ffff]
[    0.000000] PM: Registered nosave memory: [mem 0x000a0000-0x000effff]
[    0.000000] PM: Registered nosave memory: [mem 0x000f0000-0x000fffff]
[    0.000000] e820: [mem 0x80000000-0xfffbffff] available for PCI devices
[    0.000000] Booting paravirtualized kernel on KVM
[    0.000000] clocksource: refined-jiffies: mask: 0xffffffff max_cycles: 0xffffffff, max_idle_ns: 7645519600211568 ns
[    0.000000] setup_percpu: NR_CPUS:256 nr_cpumask_bits:256 nr_cpu_ids:1 nr_node_ids:1
[    0.000000] PERCPU: Embedded 33 pages/cpu @ffff88007fc00000 s98008 r8192 d28968 u2097152
[    0.000000] PV qspinlock hash table entries: 256 (order: 0, 4096 bytes)
[    0.000000] Built 1 zonelists in Node order, mobility grouping on.  Total pages: 515961
[    0.000000] Policy zone: DMA32
[    0.000000] Kernel command line: BOOT_IMAGE=/boot/vmlinuz-4.4.0-47-generic root=LABEL=cloudimg-rootfs ro console=tty1 console=ttyS0
[    0.000000] PID hash table entries: 4096 (order: 3, 32768 bytes)
[    0.000000] Memory: 2036692K/2096696K available (8423K kernel code, 1285K rwdata, 3952K rodata, 1480K init, 1292K bss, 60004K reserved, 0K cma-reserved)
[    0.000000] SLUB: HWalign=64, Order=0-3, MinObjects=0, CPUs=1, Nodes=1
[    0.000000] Hierarchical RCU implementation.
[    0.000000] 	Build-time adjustment of leaf fanout to 64.
[    0.000000] 	RCU restricting CPUs from NR_CPUS=256 to nr_cpu_ids=1.
[    0.000000] RCU: Adjusting geometry for rcu_fanout_leaf=64, nr_cpu_ids=1
[    0.000000] NR_IRQS:16640 nr_irqs:256 16
[    0.000000] Console: colour VGA+ 80x25
[    0.000000] console [tty1] enabled
[    0.000000] console [ttyS0] enabled
[    0.000000] tsc: Detected 3192.622 MHz processor
[    1.527461] Calibrating delay loop (skipped) preset value.. 6385.24 BogoMIPS (lpj=12770488)
[    1.528813] pid_max: default: 32768 minimum: 301
[    1.529511] ACPI: Core revision 20150930
[    1.530835] ACPI: 2 ACPI AML tables successfully acquired and loaded
[    1.531824] Security Framework initialized
[    1.532464] Yama: becoming mindful.
[    1.533067] AppArmor: AppArmor initialized
[    1.534012] Dentry cache hash table entries: 262144 (order: 9, 2097152 bytes)
[    1.535314] Inode-cache hash table entries: 131072 (order: 8, 1048576 bytes)
[    1.536518] Mount-cache hash table entries: 4096 (order: 3, 32768 bytes)
[    1.537474] Mountpoint-cache hash table entries: 4096 (order: 3, 32768 bytes)
[    1.538586] Initializing cgroup subsys io
[    1.539295] Initializing cgroup subsys memory
[    1.539986] Initializing cgroup subsys devices
[    1.540707] Initializing cgroup subsys freezer
[    1.541402] Initializing cgroup subsys net_cls
[    1.542097] Initializing cgroup subsys perf_event
[    1.542855] Initializing cgroup subsys net_prio
[    1.543563] Initializing cgroup subsys hugetlb
[    1.544279] Initializing cgroup subsys pids
[    1.545016] CPU: Physical Processor ID: 0
[    1.546672] mce: CPU supports 0 MCE banks
[    1.547330] process: using mwait in idle threads
[    1.548028] Last level iTLB entries: 4KB 1024, 2MB 1024, 4MB 1024
[    1.548898] Last level dTLB entries: 4KB 1024, 2MB 1024, 4MB 1024, 1GB 4
[    1.562047] Freeing SMP alternatives memory: 32K (ffffffff820b5000 - ffffffff820bd000)
[    1.753044] ftrace: allocating 32047 entries in 126 pages
[    1.914708] smpboot: Max logical packages: 1
[    1.975004] smpboot: APIC(0) Converting physical 0 to logical package 0
[    2.055142] ..TIMER: vector=0x30 apic1=0 pin1=2 apic2=-1 pin2=-1
[    2.242795] smpboot: CPU0: Intel(R) Core(TM) i5-4460  CPU @ 3.20GHz (family: 0x6, model: 0x3c, stepping: 0x3)
[    2.396820] Performance Events: unsupported p6 CPU model 60 no PMU driver, software events only.
[    2.530323] KVM setup paravirtual spinlock
[    2.539925] x86: Booted up 1 node, 1 CPUs
[    2.542108] smpboot: Total of 1 processors activated (6385.24 BogoMIPS)
[    2.543296] devtmpfs: initialized
[    2.545106] evm: security.selinux
[    2.548253] evm: security.SMACK64
[    2.548847] evm: security.SMACK64EXEC
[    2.549489] evm: security.SMACK64TRANSMUTE
[    2.550154] evm: security.SMACK64MMAP
[    2.550767] evm: security.ima
[    2.555139] evm: security.capability
[    2.556106] clocksource: jiffies: mask: 0xffffffff max_cycles: 0xffffffff, max_idle_ns: 7645041785100000 ns
[    2.559666] pinctrl core: initialized pinctrl subsystem
[    2.562049] RTC time: 16:43:47, date: 11/22/16
[    2.565328] NET: Registered protocol family 16
[    2.566302] cpuidle: using governor ladder
[    2.568475] cpuidle: using governor menu
[    2.607605] PCCT header not found.
[    2.648050] ACPI: bus type PCI registered
[    2.702051] acpiphp: ACPI Hot Plug PCI Controller Driver version: 0.5
[    2.790283] PCI: Using configuration type 1 for base access
[    2.865319] ACPI: Added _OSI(Module Device)
[    2.866154] ACPI: Added _OSI(Processor Device)
[    2.866892] ACPI: Added _OSI(3.0 _SCP Extensions)
[    2.867643] ACPI: Added _OSI(Processor Aggregator Device)
[    2.868921] ACPI: Executed 1 blocks of module-level executable AML code
[    2.871423] ACPI: Interpreter enabled
[    2.872071] ACPI: (supports S0 S5)
[    2.872659] ACPI: Using IOAPIC for interrupt routing
[    2.873538] PCI: Using host bridge windows from ACPI; if necessary, use "pci=nocrs" and report a bug
[    2.876505] ACPI: PCI Root Bridge [PCI0] (domain 0000 [bus 00-ff])
[    2.877410] acpi PNP0A03:00: _OSC: OS supports [ASPM ClockPM Segments MSI]
[    2.878389] acpi PNP0A03:00: _OSC failed (AE_NOT_FOUND); disabling ASPM
[    2.879358] acpi PNP0A03:00: fail to add MMCONFIG information, can't access extended PCI configuration space under this bridge.
[    2.918596] PCI host bridge to bus 0000:00
[    2.925675] pci_bus 0000:00: root bus resource [io  0x0000-0x0cf7 window]
[    2.926689] pci_bus 0000:00: root bus resource [io  0x0d00-0xffff window]
[    2.927657] pci_bus 0000:00: root bus resource [mem 0x000a0000-0x000bffff window]
[    2.928856] pci_bus 0000:00: root bus resource [mem 0x80000000-0xffdfffff window]
[    2.930094] pci_bus 0000:00: root bus resource [bus 00-ff]
[    2.940336] pci 0000:00:01.1: legacy IDE quirk: reg 0x10: [io  0x01f0-0x01f7]
[    2.941354] pci 0000:00:01.1: legacy IDE quirk: reg 0x14: [io  0x03f6]
[    2.942265] pci 0000:00:01.1: legacy IDE quirk: reg 0x18: [io  0x0170-0x0177]
[    2.943260] pci 0000:00:01.1: legacy IDE quirk: reg 0x1c: [io  0x0376]
[    2.986938] ACPI: PCI Interrupt Link [LNKA] (IRQs 5 9 10 11) *0, disabled.
[    3.042668] ACPI: PCI Interrupt Link [LNKB] (IRQs 5 9 10 *11)
[    3.045452] ACPI: PCI Interrupt Link [LNKC] (IRQs 5 9 *10 11)
[    3.052231] ACPI: PCI Interrupt Link [LNKD] (IRQs 5 *9 10 11)
[    3.059911] ACPI: Enabled 2 GPEs in block 00 to 07
[    3.060851] vgaarb: setting as boot device: PCI:0000:00:02.0
[    3.061696] vgaarb: device added: PCI:0000:00:02.0,decodes=io+mem,owns=io+mem,locks=none
[    3.063009] vgaarb: loaded
[    3.069241] vgaarb: bridge control possible 0000:00:02.0
[    3.070250] SCSI subsystem initialized
[    3.080910] ACPI: bus type USB registered
[    3.081609] usbcore: registered new interface driver usbfs
[    3.082460] usbcore: registered new interface driver hub
[    3.089249] usbcore: registered new device driver usb
[    3.090248] PCI: Using ACPI for IRQ routing
[    3.091108] NetLabel: Initializing
[    3.113621] NetLabel:  domain hash size = 128
[    3.171657] NetLabel:  protocols = UNLABELED CIPSOv4
[    3.228186] NetLabel:  unlabeled traffic allowed by default
[    3.291259] amd_nb: Cannot enumerate AMD northbridges
[    3.334701] clocksource: Switched to clocksource kvm-clock
[    3.427203] AppArmor: AppArmor Filesystem Enabled
[    3.494285] pnp: PnP ACPI init
[    3.543742] pnp: PnP ACPI: found 4 devices
[    3.614644] clocksource: acpi_pm: mask: 0xffffff max_cycles: 0xffffff, max_idle_ns: 2085701024 ns
[    3.616339] NET: Registered protocol family 2
[    3.617143] TCP established hash table entries: 16384 (order: 5, 131072 bytes)
[    3.618337] TCP bind hash table entries: 16384 (order: 6, 262144 bytes)
[    3.621573] TCP: Hash tables configured (established 16384 bind 16384)
[    3.626042] UDP hash table entries: 1024 (order: 3, 32768 bytes)
[    3.626933] UDP-Lite hash table entries: 1024 (order: 3, 32768 bytes)
[    3.627973] NET: Registered protocol family 1
[    3.645585] pci 0000:00:00.0: Limiting direct PCI/PCI transfers
[    3.697795] pci 0000:00:01.0: Activating ISA DMA hang workarounds
[    3.752900] Trying to unpack rootfs image as initramfs...
[    5.000148] Freeing initrd memory: 8264K (ffff880036fcc000 - ffff8800377de000)
[    5.007869] RAPL PMU detected, API unit is 2^-32 Joules, 4 fixed counters 10737418240 ms ovfl timer
[    5.023814] hw unit of domain pp0-core 2^-0 Joules
[    5.030324] hw unit of domain package 2^-0 Joules
[    5.032568] hw unit of domain dram 2^-0 Joules
[    5.033272] hw unit of domain pp1-gpu 2^-0 Joules
[    5.034098] platform rtc_cmos: registered platform RTC device (no PNP device found)
[    5.035369] Scanning for low memory corruption every 60 seconds
[    5.036703] futex hash table entries: 256 (order: 2, 16384 bytes)
[    5.037613] audit: initializing netlink subsys (disabled)
[    5.038419] audit: type=2000 audit(1479833031.960:1): initialized
[    5.039599] Initialise system trusted keyring
[    5.040365] HugeTLB registered 2 MB page size, pre-allocated 0 pages
[    5.042334] zbud: loaded
[    5.042977] VFS: Disk quotas dquot_6.6.0
[    5.077416] VFS: Dquot-cache hash table entries: 512 (order 0, 4096 bytes)
[    5.105154] squashfs: version 4.0 (2009/01/31) Phillip Lougher
[    5.106283] fuse init (API version 7.23)
[    5.107078] Key type big_key registered
[    5.107736] Allocating IMA MOK and blacklist keyrings.
[    5.108652] Key type asymmetric registered
[    5.109302] Asymmetric key parser 'x509' registered
[    5.110097] Block layer SCSI generic (bsg) driver version 0.4 loaded (major 249)
[    5.111337] io scheduler noop registered
[    5.111971] io scheduler deadline registered (default)
[    5.112782] io scheduler cfq registered
[    5.121466] pci_hotplug: PCI Hot Plug PCI Core version: 0.5
[    5.122335] pciehp: PCI Express Hot Plug Controller Driver version: 0.4
[    5.123450] ACPI: AC Adapter [AC] (on-line)
[    5.124193] input: Power Button as /devices/LNXSYSTM:00/LNXPWRBN:00/input/input0
[    5.125729] ACPI: Power Button [PWRF]
[    5.126394] input: Sleep Button as /devices/LNXSYSTM:00/LNXSLPBN:00/input/input1
[    5.127609] ACPI: Sleep Button [SLPF]
[    5.128320] GHES: HEST is not enabled!
[    5.129011] Serial: 8250/16550 driver, 32 ports, IRQ sharing enabled
[    5.151736] 00:03: ttyS0 at I/O 0x3f8 (irq = 4, base_baud = 115200) is a 16550A
[    5.153750] Linux agpgart interface v0.103
[    5.157694] brd: module loaded
[    5.198893] loop: module loaded
[    5.227262] scsi host0: ata_piix
[    5.258929] scsi host1: ata_piix
[    5.306924] ata1: PATA max UDMA/33 cmd 0x1f0 ctl 0x3f6 bmdma 0xd000 irq 14
[    5.428489] ata2: PATA max UDMA/33 cmd 0x170 ctl 0x376 bmdma 0xd008 irq 15
[    5.514851] libphy: Fixed MDIO Bus: probed
[    5.550145] tun: Universal TUN/TAP device driver, 1.6
[    5.656998] tun: (C) 1999-2004 Max Krasnyansky <maxk@qualcomm.com>
[    5.754536] PPP generic driver version 2.4.2
[    5.789286] ehci_hcd: USB 2.0 'Enhanced' Host Controller (EHCI) Driver
[    5.800266] ehci-pci: EHCI PCI platform driver
[    5.807366] ehci-platform: EHCI generic platform driver
[    5.815820] ohci_hcd: USB 1.1 'Open' Host Controller (OHCI) Driver
[    5.816720] ohci-pci: OHCI PCI platform driver
[    5.817434] ohci-platform: OHCI generic platform driver
[    5.819316] uhci_hcd: USB Universal Host Controller Interface driver
[    5.886176] i8042: PNP: PS/2 Controller [PNP0303:PS2K,PNP0f03:PS2M] at 0x60,0x64 irq 1,12
[    5.991821] serio: i8042 KBD port at 0x60,0x64 irq 1
[    6.056705] tsc: Refined TSC clocksource calibration: 3196.773 MHz
[    6.129569] clocksource: tsc: mask: 0xffffffffffffffff max_cycles: 0x2e14621cb95, max_idle_ns: 440795358561 ns
[    6.284401] serio: i8042 AUX port at 0x60,0x64 irq 12
[    6.372142] mousedev: PS/2 mouse device common for all mice
[    6.463406] rtc_cmos rtc_cmos: rtc core: registered rtc_cmos as rtc0
[    6.578401] input: AT Translated Set 2 keyboard as /devices/platform/i8042/serio0/input/input2
[    6.702435] rtc_cmos rtc_cmos: alarms up to one day, 114 bytes nvram
[    6.786900] i2c /dev entries driver
[    6.844141] device-mapper: uevent: version 1.0.3
[    6.868358] device-mapper: ioctl: 4.34.0-ioctl (2015-10-28) initialised: dm-devel@redhat.com
[    6.896299] ledtrig-cpu: registered to indicate activity on CPUs
[    6.910420] NET: Registered protocol family 10
[    6.918257] NET: Registered protocol family 17
[    6.941471] Key type dns_resolver registered
[    6.988801] microcode: CPU0 sig=0x306c3, pf=0x2, revision=0x19
[    7.061217] microcode: Microcode Update Driver: v2.01 <tigran@aivazian.fsnet.co.uk>, Peter Oruba
[    7.195036] registered taskstats version 1
[    7.252180] Loading compiled-in X.509 certificates
[    7.329282] Loaded X.509 cert 'Build time autogenerated kernel key: f7bc719d96df7c6d6fed8f4b9fd5d4ff001383c8'
[    7.416890] zswap: loaded using pool lzo/zbud
[    7.418612] Key type trusted registered
[    7.426018] Key type encrypted registered
[    7.426706] AppArmor: AppArmor sha1 policy hashing enabled
[    7.427523] ima: No TPM chip found, activating TPM-bypass!
[    7.428387] evm: HMAC attrs: 0x1
[    7.429108]   Magic number: 8:67:743
[    7.429761] rtc_cmos rtc_cmos: setting system clock to 2016-11-22 16:43:52 UTC (1479833032)
[    7.431168] BIOS EDD facility v0.16 2004-Jun-25, 0 devices found
[    7.432118] EDD information not available.
[    7.433887] Freeing unused kernel memory: 1480K (ffffffff81f43000 - ffffffff820b5000)
[    7.435122] Write protecting the kernel read-only data: 14336k
[    7.436380] Freeing unused kernel memory: 1804K (ffff88000183d000 - ffff880001a00000)
[    7.437848] Freeing unused kernel memory: 144K (ffff880001ddc000 - ffff880001e00000)
Loading, please wait...
starting version 229
[    7.446310] random: udevadm: uninitialized urandom read (16 bytes read, 3 bits of entropy available)
[    7.453259] random: systemd-udevd: uninitialized urandom read (16 bytes read, 3 bits of entropy available)
[    7.456492] random: systemd-udevd: uninitialized urandom read (16 bytes read, 3 bits of entropy available)
[    7.457941] random: systemd-udevd: uninitialized urandom read (16 bytes read, 3 bits of entropy available)
[    7.519049] random: udevadm: uninitialized urandom read (16 bytes read, 3 bits of entropy available)
[    7.641044] random: systemd-udevd: uninitialized urandom read (16 bytes read, 3 bits of entropy available)
[    7.790724] random: udevadm: uninitialized urandom read (16 bytes read, 3 bits of entropy available)
[    7.961340] random: udevadm: uninitialized urandom read (16 bytes read, 3 bits of entropy available)
[    7.976058] random: udevadm: uninitialized urandom read (16 bytes read, 3 bits of entropy available)
[    7.980355] random: udevadm: uninitialized urandom read (16 bytes read, 3 bits of entropy available)
[    8.007114] e1000: Intel(R) PRO/1000 Network Driver - version 7.3.21-k8-NAPI
[    8.028762] e1000: Copyright (c) 1999-2006 Intel Corporation.
[    8.038238] Fusion MPT base driver 3.04.20
[    8.040094] Copyright (c) 1999-2008 LSI Corporation
[    8.067866] Fusion MPT SPI Host driver 3.04.20
[    8.108311] AVX version of gcm_enc/dec engaged.
[    8.109069] AES CTR mode by8 optimization enabled
[    8.250605] input: ImExPS/2 Generic Explorer Mouse as /devices/platform/i8042/serio1/input/input5
[    8.642290] e1000 0000:00:03.0 eth0: (PCI:33MHz:32-bit) 02:d0:b0:43:c2:9f
[    8.646133] e1000 0000:00:03.0 eth0: Intel(R) PRO/1000 Network Connection
[    8.653472] e1000 0000:00:03.0 enp0s3: renamed from eth0
[    8.722083] mptbase: ioc0: Initiating bringup
[    8.860452] ioc0: LSI53C1030 A0: Capabilities={Initiator}
[    9.102487] scsi host2: ioc0: LSI53C1030 A0, FwRev=00000000h, Ports=1, MaxQ=256, IRQ=20
[    9.268636] scsi 2:0:0:0: Direct-Access     VBOX     HARDDISK         1.0  PQ: 0 ANSI: 5
[    9.406236] scsi target2:0:0: Beginning Domain Validation
[    9.499037] scsi target2:0:0: Domain Validation skipping write tests
[    9.617018] scsi target2:0:0: Ending Domain Validation
[    9.698557] scsi target2:0:0: asynchronous
[    9.747865] scsi 2:0:1:0: Direct-Access     VBOX     HARDDISK         1.0  PQ: 0 ANSI: 5
[    9.858286] scsi target2:0:1: Beginning Domain Validation
[    9.944895] scsi target2:0:1: Domain Validation skipping write tests
[    9.949049] scsi target2:0:1: Ending Domain Validation
[    9.958424] scsi target2:0:1: asynchronous
[   10.024015] sd 2:0:0:0: Attached scsi generic sg0 type 0
[   10.025290] sd 2:0:0:0: [sda] 20971520 512-byte logical blocks: (10.7 GB/10.0 GiB)
[   10.026703] sd 2:0:1:0: Attached scsi generic sg1 type 0
[   10.027713] sd 2:0:0:0: [sda] Write Protect is off
[   10.028483] sd 2:0:1:0: [sdb] 20480 512-byte logical blocks: (10.5 MB/10.0 MiB)
[   10.029753] sd 2:0:0:0: [sda] Incomplete mode parameter data
[   10.032138] sd 2:0:0:0: [sda] Assuming drive cache: write through
[   10.033171] sd 2:0:1:0: [sdb] Write Protect is off
[   10.034141] sd 2:0:1:0: [sdb] Incomplete mode parameter data
[   10.034992] sd 2:0:1:0: [sdb] Assuming drive cache: write through
[   10.038074]  sda: sda1
[   10.038938] sd 2:0:0:0: [sda] Attached SCSI disk
[   10.054874] sd 2:0:1:0: [sdb] Attached SCSI disk
[   11.115496] floppy0: no floppy controllers found
Begin: Loading e[   12.489708] md: linear personality registered for level -1
ssential drivers[   12.567806] md: multipath personality registered for level -4
 ... [   12.592024] md: raid0 personality registered for level 0
[   12.598657] md: raid1 personality registered for level 1
[   12.670978] raid6: sse2x1   gen()  9251 MB/s
[   12.787503] raid6: sse2x1   xor()  7591 MB/s
[   12.903019] raid6: sse2x2   gen() 12723 MB/s
[   13.035066] raid6: sse2x2   xor()  8329 MB/s
[   13.179075] raid6: sse2x4   gen() 14312 MB/s
[   13.319081] raid6: sse2x4   xor()  9921 MB/s
[   13.344996] raid6: using algorithm sse2x4 gen() 14312 MB/s
[   13.347981] raid6: .... xor() 9921 MB/s, rmw enabled
[   13.348743] raid6: using ssse3x2 recovery algorithm
[   13.354031] xor: automatically using best checksumming function:
[   13.395095]    avx       : 19080.000 MB/sec
[   13.418508] async_tx: api initialized (async)
[   13.427854] md: raid6 personality registered for level 6
[   13.437609] md: raid5 personality registered for level 5
[   13.438416] md: raid4 personality registered for level 4
[   13.444938] md: raid10 personality registered for level 10
done.
Begin: Running /scripts/init-premount ... done.
Begin: Mounting root file system ... Begin: Running /scripts/local-top ... done.
Begin: Running /scripts/local-premount ... [   13.475121] Btrfs loaded
Scanning for Btrfs filesystems
done.
Warning: fsck no[   13.552612] EXT4-fs (sda1): INFO: recovery required on readonly filesystem
t present, so sk[   13.676815] EXT4-fs (sda1): write access will be enabled during recovery
ipping root file system
[   13.839190] EXT4-fs (sda1): recovery complete
[   13.869854] EXT4-fs (sda1): mounted filesystem with ordered data mode. Opts: (null)
done.
Begin: Running /scripts/local-bottom ... done.
Begin: Running /scripts/init-bottom ... Warning: overlayroot: debug is busted
done.
[   14.510117] random: nonblocking pool is initialized
[   14.697977] systemd[1]: systemd 229 running in system mode. (+PAM +AUDIT +SELINUX +IMA +APPARMOR +SMACK +SYSVINIT +UTMP +LIBCRYPTSETUP +GCRYPT +GNUTLS +ACL +XZ -LZ4 +SECCOMP +BLKID +ELFUTILS +KMOD -IDN)
[   14.821077] systemd[1]: Detected virtualization oracle.
[   14.821885] systemd[1]: Detected architecture x86-64.

Welcome to [1mUbuntu 16.04.1 LTS[0m!

[   14.899677] systemd[1]: Set hostname to <experteese>.
[   15.734088] systemd[1]: Listening on LVM2 poll daemon socket.
[[0;32m  OK  [0m] Listening on LVM2 poll daemon socket.
[   15.822373] systemd[1]: Reached target Swap.
[[0;32m  OK  [0m] Reached target Swap.
[   15.863282] systemd[1]: Listening on /dev/initctl Compatibility Named Pipe.
[[0;32m  OK  [0m] Listening on /dev/initctl Compatibility Named Pipe.
[   15.879276] systemd[1]: Listening on LVM2 metadata daemon socket.
[[0;32m  OK  [0m] Listening on LVM2 metadata daemon socket.
[   15.895601] systemd[1]: Listening on Journal Audit Socket.
[[0;32m  OK  [0m] Listening on Journal Audit Socket.
[   15.930194] systemd[1]: Listening on udev Kernel Socket.
[[0;32m  OK  [0m] Listening on udev Kernel Socket.
[   15.943563] systemd[1]: Listening on udev Control Socket.
[[0;32m  OK  [0m] Listening on udev Control Socket.
[   15.945821] systemd[1]: Started Forward Password Requests to Wall Directory Watch.
[[0;32m  OK  [0m] Started Forward Password Requests to Wall Directory Watch.
[   15.950072] systemd[1]: Listening on Device-mapper event daemon FIFOs.
[[0;32m  OK  [0m] Listening on Device-mapper event daemon FIFOs.
[   15.971664] systemd[1]: Set up automount Arbitrary Executable File Formats File System Automount Point.
[[0;32m  OK  [0m] Set up automount Arbitrary Executab...ats File System Automount Point.
[   16.175725] systemd[1]: Reached target Encrypted Volumes.
[[0;32m  OK  [0m] Reached target Encrypted Volumes.
[   16.293066] systemd[1]: Created slice System Slice.
[[0;32m  OK  [0m] Created slice System Slice.
[   16.383204] systemd[1]: Created slice system-postgresql.slice.
[[0;32m  OK  [0m] Created slice system-postgresql.slice.
[   16.496626] systemd[1]: Created slice system-serial\x2dgetty.slice.
[[0;32m  OK  [0m] Created slice system-serial\x2dgetty.slice.
[   16.498718] systemd[1]: Listening on Syslog Socket.
[[0;32m  OK  [0m] Listening on Syslog Socket.
[   16.500554] systemd[1]: Listening on Journal Socket (/dev/log).
[[0;32m  OK  [0m] Listening on Journal Socket (/dev/log).
[   16.502510] systemd[1]: Reached target User and Group Name Lookups.
[[0;32m  OK  [0m] Reached target User and Group Name Lookups.
[   16.504585] systemd[1]: Listening on Journal Socket.
[[0;32m  OK  [0m] Listening on Journal Socket.
[   16.507024] systemd[1]: Starting Nameserver information manager...
         Starting Nameserver information manager...
[   16.563799] systemd[1]: Starting Journal Service...
         Starting Journal Service...
[   16.676556] systemd[1]: Mounting Debug File System...
         Mounting Debug File System...
[   16.858788] systemd[1]: Starting Load Kernel Modules...
         Starting Load Kernel Modules...
[   16.991731] systemd[1]: Mounting Huge Pages File System...
         Mounting Huge Pages File System.[   17.044120] Loading iSCSI transport class v2.0-870.
..
[   17.096102] systemd[1]: Starting Monitoring of LVM2 mirrors, snapshots etc. using dmeventd or progress polling...
         Starting Monitor[   17.250952] iscsi: registered transport (tcp)
ing of LVM2 mirrors... dmeventd or progress polling...
[   17.343668] systemd[1]: Starting Uncomplicated firewall...
         Starting Uncomplicated firewall...
[   17.449840] iscsi: registered transport (iser)
[   17.471359] systemd[1]: Starting Remount Root and Kernel File Systems...
         Starting Remount Root and Kernel File Systems...
[   17.523631] systemd[1]: Starting Create list of required static device nodes for the current kernel...
         Starting Create list of required st... nodes for the current kernel...
[   17.526698] systemd[1]: Mounting POSIX Message Queue File System...
         Mounting POSIX Message Queue File System...
[   17.530310] systemd[1]: Starting Set console keymap...
         Starting Set console keymap...
[   17.544933] EXT4-fs (sda1): re-mounted. Opts: (null)
[   17.547785] systemd[1]: Created slice User and Session Slice.
[[0;32m  OK  [0m] Created slice User and Session Slice.
[   17.551662] systemd[1]: Reached target Slices.
[[0;32m  OK  [0m] Reached target Slices.
[   17.554262] systemd[1]: Mounted Debug File System.
[[0;32m  OK  [0m] Mounted Debug File System.
[   17.556329] systemd[1]: Mounted Huge Pages File System.
[[0;32m  OK  [0m] Mounted Huge Pages File System.
[   17.558157] systemd[1]: Mounted POSIX Message Queue File System.
[[0;32m  OK  [0m] Mounted POSIX Message Queue File System.
[   17.561319] systemd[1]: Started Journal Service.
[[0;32m  OK  [0m] Started Journal Service.
[[0;32m  OK  [0m] Started Load Kernel Modules.
[[0;32m  OK  [0m] Started Uncomplicated firewall.
[[0;32m  OK  [0m] Started Remount Root and Kernel File Systems.
[[0;32m  OK  [0m] Started Create list of required sta...ce nodes for the current kernel.
[[0;32m  OK  [0m] Started Nameserver information manager.
[[0;32m  OK  [0m] Started Set console keymap.
[[0;32m  OK  [0m] Started LVM2 metadata daemon.
         Starting Create Static Device Nodes in /dev...
         Starting udev Coldplug all Devices...
         Starting Load/Save Random Seed...
         Starting Apply Kernel Variables...
         Mounting FUSE Control File System...
         Starting Flush Journal to Persistent Storage...
[[0;32m  OK  [0m] Mounted FUSE Control File System.
[[0;32m  OK  [0m] Started Create Static Device Nodes in /dev.
[[0;32m  OK  [0m] Started Load/Save Random Seed.
[[0;32m  OK  [0m] Started Apply Kernel Variables.
[[0;32m  OK  [0m] Started udev Coldplug all Devices.
         Starting udev Kernel Device Manager...
[[0;32m  OK  [0m] Started Monitoring of LVM2 mirrors,...ng dmeventd or progress polling.
[[0;32m  OK  [0m] Started Flush Journal to Persistent Storage.
[[0;32m  OK  [0m] Started udev Kernel Device Manager.
[[0;32m  OK  [0m] Started Dispatch Password Requests to Console Directory Watch.
[[0;32m  OK  [0m] Reached target Local File Systems (Pre).
[[0;32m  OK  [0m] Reached target Local File Systems.
         Starting Run snappy firstboot setup...
         Starting Initial cloud-init job (pre-networking)...
         Starting Tell Plymouth To Write Out Runtime Data...
         Starting LSB: AppArmor initialization...
         Starting Create Volatile Files and Directories...
         Starting Set console font and keymap...
[[0;32m  OK  [0m] Found device /dev/ttyS0.
[[0;32m  OK  [0m] Started Tell Plymouth To Write Out Runtime Data.
[[0;32m  OK  [0m] Started Create Volatile Files and Directories.
         Starting Update UTMP about System Boot/Shutdown...
[[0;32m  OK  [0m] Reached target System Time Synchronized.
[[0;32m  OK  [0m] Listening on Load/Save RF Kill Switch Status /dev/rfkill Watch.
[[0;32m  OK  [0m] Started Update UTMP about System Boot/Shutdown.
[[0;32m  OK  [0m] Found device 82540EM Gigabit Ethern...r (PRO/1000 MT Desktop Adapter).
[[0;32m  OK  [0m] Started Set console font and keymap.
[[0;32m  OK  [0m] Created slice system-getty.slice.
[[0;32m  OK  [0m] Started Run snappy firstboot setup.
[[0;32m  OK  [0m] Started LSB: AppArmor initialization.
[[0;32m  OK  [0m] Reached target System Initialization.
         Starting LXD - unix socket.
[[0;32m  OK  [0m] Started ACPI Events Check.
[[0;32m  OK  [0m] Listening on UUID daemon activation socket.
[[0;32m  OK  [0m] Started Trigger resolvconf update for networkd DNS.
[[0;32m  OK  [0m] Reached target Paths.
[[0;32m  OK  [0m] Listening on ACPID Listen Socket.
[[0;32m  OK  [0m] Started Daily apt activities.
[[0;32m  OK  [0m] Listening on D-Bus System Message Bus Socket.
         Starting Socket activation for snappy daemon.
[[0;32m  OK  [0m] Started Daily Cleanup of Temporary Directories.
[[0;32m  OK  [0m] Started Timer to automatically refresh installed snaps.
[[0;32m  OK  [0m] Reached target Timers.
[[0;32m  OK  [0m] Listening on LXD - unix socket.
[[0;32m  OK  [0m] Listening on Socket activation for snappy daemon.
[[0;32m  OK  [0m] Reached target Sockets.
[[0;32m  OK  [0m] Reached target Basic System.
[[0;32m  OK  [0m] Started Deferred execution scheduler.
         Starting System Logging Service...
[[0;32m  OK  [0m] Started Regular background program processing daemon.
[[0;32m  OK  [0m] Started D-Bus System Message Bus.
         Starting Daily apt activities...
         Starting PostgreSQL Cluster 9.5-main...
         Starting LSB: Record successful boot for GRUB...
[[0;32m  OK  [0m] Started ACPI event daemon.
[[0;32m  OK  [0m] Started FUSE filesystem for LXC.
         Starting Login Service...
         Starting LSB: MD monitoring daemon...
[[0;32m  OK  [0m] Started Snappy daemon.
         Starting Accounts Service...
         Starting LXD - container startup/shutdown...
[[0;32m  OK  [0m] Started System Logging Service.
[[0;32m  OK  [0m] Started LSB: MD monitoring daemon.
[[0;32m  OK  [0m] Started LSB: Record successful boot for GRUB.
[[0;32m  OK  [0m] Started Login Service.
         Starting Authenticate and Authorize Users to Run Privileged Tasks...
[[0;32m  OK  [0m] Started Authenticate and Authorize Users to Run Privileged Tasks.
[[0;32m  OK  [0m] Started Accounts Service.
[[0;32m  OK  [0m] Started LXD - container startup/shutdown.
[   26.839229] cloud-init[544]: Cloud-init v. 0.7.8 running 'init-local' at Tue, 22 Nov 2016 16:44:13 +0000. Up 25.41 seconds.
[[0;32m  OK  [0m] Started Initial cloud-init job (pre-networking).
[[0;32m  OK  [0m] Reached target Network (Pre).
         Starting Raise network interfaces...
[[0;32m  OK  [0m] Started ifup for enp0s3.
[[0;32m  OK  [0m] Started Raise network interfaces.
         Starting Initial cloud-init job (metadata service crawler)...
[[0;32m  OK  [0m] Reached target Network.
[[0;32m  OK  [0m] Started PostgreSQL Cluster 9.5-main.
         Starting PostgreSQL RDBMS...
[[0;32m  OK  [0m] Started PostgreSQL RDBMS.
[   28.691254] cloud-init[1144]: Cloud-init v. 0.7.8 running 'init' at Tue, 22 Nov 2016 16:44:15 +0000. Up 27.83 seconds.
[[0;32m  OK  [0m] Started Initial cloud-init job (metadata service crawler).
[[0;32m  OK  [0m] Reached target Network is Online.
         Starting iSCSI initiator daemon (iscsid)...
         Starting /etc/rc.local Compatibility...
[   28.774580] cloud-init[1144]: ci-info: +++++++++++++++++++++++++++++++++++++Net device info++++++++++++++++++++++++++++++++++++++
[[0;32m  OK  [0m] Reached target Cloud-config availability.
         Starting Apply the settings specified in cloud-config...
[   29.095796] cloud-init[1144]: ci-info: +--------+------+----------------------------+---------------+-------+-------------------+
         Starting OpenBSD Secure Shell server...
[[0;32m  OK  [0m] Started OpenBSD Secure Shell server.
[[0;32m  OK  [0m] Started /etc/rc.local Compatibility.
[   29.299783] cloud-init[1144]: ci-info: | Device |  Up  |          Address           |      Mask     | Scope |     Hw-Address    |
[[0;32m  OK  [0m] Started iSCSI initiator daemon (iscsid).
         Starting Login to default iSCSI targets...
[   29.526199] cloud-init[1144]: ci-info: +--------+------+----------------------------+---------------+-------+-------------------+
[   29.551464] cloud-init[1144]: ci-info: | enp0s3 | True |         10.0.2.15          | 255.255.255.0 |   .   | 02:d0:b0:43:c2:9f |
[   29.554752] cloud-init[1144]: ci-info: | enp0s3 | True | fe80::d0:b0ff:fe43:c29f/64 |       .       |  link | 02:d0:b0:43:c2:9f |
[   29.560531] cloud-init[1144]: ci-info: |   lo   | True |         127.0.0.1          |   255.0.0.0   |   .   |         .         |
[   29.565577] cloud-init[1144]: ci-info: |   lo   | True |          ::1/128           |       .       |  host |         .         |
[   29.572530] cloud-init[1144]: ci-info: +--------+------+----------------------------+---------------+-------+-------------------+
[   29.574227] cloud-init[1144]: ci-info: +++++++++++++++++++++++++++Route IPv4 info++++++++++++++++++++++++++++
[   29.580819] cloud-init[1144]: ci-info: +-------+-------------+----------+---------------+-----------+-------+
[   29.582361] cloud-init[1144]: ci-info: | Route | Destination | Gateway  |    Genmask    | Interface | Flags |
[   29.585084] cloud-init[1144]: ci-info: +-------+-------------+----------+---------------+-----------+-------+
[   29.587839] cloud-init[1144]: ci-info: |   0   |   0.0.0.0   | 10.0.2.2 |    0.0.0.0    |   enp0s3  |   UG  |
[   29.596838] cloud-init[1144]: ci-info: |   1   |   10.0.2.0  | 0.0.0.0  | 255.255.255.0 |   enp0s3  |   U   |
[   29.684114] cloud-init[1144]: ci-info: +-------+-------------+----------+---------------+-----------+-------+
[   29.685273] cloud-init[1212]: Cloud-init v. 0.7.8 running 'modules:config' at Tue, 22 Nov 2016 16:44:17 +0000. Up 29.50 seconds.
[[0;32m  OK  [0m] Started Login to default iSCSI targets.
[[0;32m  OK  [0m] Started Apply the settings specified in cloud-config.
[[0;32m  OK  [0m] Reached target Remote File Systems (Pre).
[[0;32m  OK  [0m] Reached target Remote File Systems.
         Starting LSB: Set the CPU Frequency Scaling governor to "ondemand"...
         Starting LSB: VirtualBox Linux Additions...
         Starting LSB: Start/stop sysstat's sadc...
         Starting Permit User Sessions...
         Starting LSB: daemon to balance interrupts for SMP systems...
         Starting LSB: automatic crash report generation...
[[0;32m  OK  [0m] Started Permit User Sessions.
[[0;32m  OK  [0m] Started LSB: Set the CPU Frequency Scaling governor to "ondemand".
[[0;32m  OK  [0m] Started LSB: Start/stop sysstat's sadc.
         Starting Terminate Plymouth Boot Screen...
         Starting Hold until boot process finishes up...
[[0;32m  OK  [0m] Started LSB: VirtualBox Linux Additions.
[[0;32m  OK  [0m] Started LSB: daemon to balance interrupts for SMP systems.
[[0;32m  OK  [0m] Started Terminate Plymouth Boot Screen.
[[0;32m  OK  [0m] Started Hold until boot process finishes up.
[[0;32m  OK  [0m] Started Getty on tty1.
[[0;32m  OK  [0m] Started Serial Getty on ttyS0.
[[0;32m  OK  [0m] Reached target Login Prompts.
         Starting Set console scheme...
[[0;32m  OK  [0m] Started LSB: automatic crash report generation.
[[0;32m  OK  [0m] Started Set console scheme.
[[0;32m  OK  [0m] Reached target Multi-User System.
         Starting Execute cloud user/final scripts...
[[0;32m  OK  [0m] Reached target Graphical Interface.
         Starting Notify bootloader that boot was successful...
         Starting Update UTMP about System Runlevel Changes...
[[0;32m  OK  [0m] Started Update UTMP about System Runlevel Changes.
[[0;32m  OK  [0m] Started Notify bootloader that boot was successful.
[   31.491430] cloud-init[1330]: Cloud-init v. 0.7.8 running 'modules:final' at Tue, 22 Nov 2016 16:44:19 +0000. Up 31.30 seconds.
[[0;32m  OK  [0m] Started Execute cloud user/final scripts.
[[0;32m  OK  [0m] Reached target Cloud-init target.
[   31.596041] cloud-init[1330]: Cloud-init v. 0.7.8 finished at Tue, 22 Nov 2016 16:44:19 +0000. Datasource DataSourceNoCloud [seed=/dev/sdb][dsmode=net].  Up 31.47 seconds
[[0;32m  OK  [0m] Started Daily apt activities.

Ubuntu 16.04.1 LTS experteese ttyS0

experteese login: 